// Jest Snapshot v1, https://goo.gl/fbAQLP

exports[`RecommendedComponent debe hacer match con el snapshot 1`] = `
<div
  id="root1"
>
  
</div>
`;
