// Jest Snapshot v1, https://goo.gl/fbAQLP

exports[`HomeComponent debe hacer match con el snapshot 1`] = `
<div
  id="root1"
>
  <app-nav-menu />
  <app-user-button />
  <router-outlet />
</div>
`;
