// Jest Snapshot v1, https://goo.gl/fbAQLP

exports[`CoverImgComponent debe hacer match con el snapshot 1`] = `
<div
  id="root1"
>
  <figure
    class="cover"
  >
    <img
      alt="Imagen de portada"
      class="cover__img"
      src=""
    />
  </figure>
</div>
`;
