// Jest Snapshot v1, https://goo.gl/fbAQLP

exports[`GIconComponent debe hacer match con el snapshot 1`] = `
<div
  id="root1"
>
  <i
    class="material-icons g-icon"
  >
      
  </i>
</div>
`;
