// Jest Snapshot v1, https://goo.gl/fbAQLP

exports[`NavButtonComponent debe hacer match con el snapshot 1`] = `
<div
  id="root1"
>
  <a
    class="nav-button"
  >
    <app-g-icon />
    <app-text-a />
  </a>
</div>
`;
