// Jest Snapshot v1, https://goo.gl/fbAQLP

exports[`TrackListComponent debe hacer match con el snapshot 1`] = `
<div
  id="root1"
>
  <section
    class="track-list"
  >
    <h2
      class="track-list__title"
    >
      
    </h2>
    <article
      class="track-list__content"
    >
      
    </article>
  </section>
</div>
`;
